// Jest Snapshot v1, https://goo.gl/fbAQLP

exports[`Should render ExpenseListItem with expense list item 1`] = `
<li>
  <h3>
    <Link
      replace={false}
      to="/edit/1"
    >
      Gum
    </Link>
  </h3>
  <p>
     Amount: 
    $1.95
  </p>
  <p>
     Created At: 
    31st December, 1969
  </p>
</li>
`;
